88888888888888888888888888888888888888888888888888888888888888888888888888888888888888888888888888
88wwwwwwwwwwwwwwwwwwwwwwwwwwww8bbbbbbbbbbbbbbbbbbbbbbbbbbbbbbbbbbbbbbbbbbbbbbbbbbbbbbbbbbbbbbbbbb8
88wwwwwwwwwwwwwwwwwwwwwwwwwwww8bbbbbbbbbbbbbbbbbbbbbbbbbbbbbbbbbbbbbbbbbbbbbbbbbbbbbbbbbbbbbbbbbb8
88wwwwwwwwwwwwwwwwwwwwwwwwwwww8bbbbbbbbbbbbbbbbbbbbbbbbbbbbbbbbbbbbbbbbbbbbbbbbbbbbbbbbbbbbbbbbbb8
88wwwwwwwwwwwwwwwwwwwwwwwwwwww8bbbbbbbbbbbbbbbbbbbbbbbbbbbbbbbbbbbbbbbbbbbbbbbbbbbbbbbbbbbbbbbbbb8
88wwwwwwwwwwwwwwwwwwwwwwwwwwww8bbbbbbbbbbbbbbbbbbbbbbbbbbbbbbbbbbbbbbbbbbbbbbbbbbbbbbbbbbbbbbbbbb8
88wwwwwwwwwwwwwwwwwwwwwwwwwwww8bbbbbbbbbbbbbbbbbbbbbbbbbbbbbbbbbbbbbbbbbbbbbbbbbbbbbbbbbbbbbbbbbb8
88wwwwwwwwwwwwwwwwwwwwwwwwwwww8bbbbbbbbbbbbbbbbbbbbbbbbbbbbbbbbbbbbbbbbbbbbbbbbbbbbbbbbbbbbbbbbbb8
88wwwwwwwwwwwwwwwwwwwwwwwwwwww8bbbbbbbbbbbbbbbbbbbbbbbbbbbbbbbbbbbbbbbbbbbbbbbbbbbbbbbbbbbbbbbbbb8
88wwwwwwwwwwwwwwwwwwwwwwwwwwww8bbbbbbbbbbbbbbbbbbbbbbbbbbbbbbbbbbbbbbbbbbbbbbbbbbbbbbbbbbbbbbbbbb8
88wwwwwwwwwwwwwwwwwwwwwwwwwwww8bbbbbbbbbbbbbbbbbbbbbbbbbbbbbbbbbbbbbbbbbbbbbbbbbbbbbbbbbbbbbbbbbb8
88wwwwwwwwwwwwwwwwwwwwwwwwwwww8bbbbbbbbbbbbbbbbbbbbbbbbbbbbbbbbbbbbbbbbbbbbbbbbbbbbbbbbbbbbbbbbbb8
88wwwwwwwwwwwwwwwwwwwwwwwwwwww8bbbbbbbbbbbbbbbbbbbbbbbbbbbbbbbbbbbbbbbbbbbbbbbbbbbbbbbbbbbbbbbbbb8
88wwwwwwwwwwwwwwwwwwwwwwwwwwww8bbbbbbbbbbbbbbbbbbbbbbbbbbbbbbbbbbbbbbbbbbbbbbbbbbbbbbbbbbbbbbbbbb8
88wwwwwwwwwwwwwwwwwwwwwwwwwwwwwbbbbbbbbbbbbbbbbbbbbbbbbbbbbbbbbbbbbbbbbbbbbbbbbbbbbbbbbbbbbbbbbbb8
88wwwwwwwwwwwwwwwwwwwwwwwwwwwwwbbbbbbbbbbbbbbbbbbbbbbbbbbbbbbbbbbbbbbbbbbbbbbbbbbbbbbbbbbbbbbbbbb8
88wwwwwwwwwwwwwwwwwwwwwwwwwwwwwbbbbbbbbbbbbbbbbbbbbbbbbbbbbbbbbbbbbbbbbbbbbbbbbbbbbbbbbbbbbbbbbbb8
88wwwwwwwwwwwwwwwwwwwwwwwwwwwwwbbbbbbbbbbbbbbbbbbbbbbbbbbbbbbbbbbbbbbbbbbbbbbbbbbbbbbbbbbbbbbbbbb8
88wwwwwwwwwwwwwwwwwwwwwwwwwwwwwbbbbbbbbbbbbbbbbbbbbbbbbbbbbbbbbbbbbbbbbbbbbbbbbbbbbbbbbbbbbbbbbbb8
88wwwwwwwwwwwwwwwwwwwwwwwwwwww8bbbbbbbbbbbbbbbbbbbbbbbbbbbbbbbbbbbbbbbbbbbbbbbbbbbbbbbbbbbbbbbbbb8
88wwwwwwwwwwwwwwwwwwwwwwwwwwww8bbbbbbbbbbbbbbbbbbbbbbbbbbbbbbbbbbbbbbbbbbbbbbbbbbbbbbbbbbbbbbbbbb8
88wwwwwwwwwwwwwwwwwwwwwwwwwwww8bbbbbbbbbbbbbbbbbbbbbbbbbbbbbbbbbbbbbbbbbbbbbbbbbbbbbbbbbbbbbbbbbb8
88wwwwwwwwwwwwwwwwwwwwwwwwwwww8bbbbbbbbbbbbbbbbbbbbbbbbbbbbbbbbbbbbbbbbbbbbbbbbbbbbbbbbbbbbbbbbbb8
88wwwwwwwwwwwwwwwwwwwwwwwwwwww8bbbbbbbbbbbbbbbbbbbbbbbbbbbbbbbbbbbbbbbbbbbbbbbbbbbbbbbbbbbbbbbbbb8
wwwwwwwwwwwwwwwwwwwwwwwwwwwwww8bbbbbbbbbbbbbbbbbbbbbbbbbbbbbbbbbbbbbbbbbbbbbbbbbbbbbbbbbbbbbbbbbb8
wwwwwwwwwwwwwwwwwwwwwwwwwwwwww8bbbbbbbbbbbbbbbbbbbbbbbbbbbbbbbbbbbbbbbbbbbbbbbbbbbbbbbbbbbbbbbbbb8
wwwwwwwwwwwwwwwwwwwwwwwwwwwwww8bbbbbbbbbbbbbbbbbbbbbbbbbbbbbbbbbbbbbbbbbbbbbbbbbbbbbbbbbbbbbbbbbb8
88wwwwwwwwwwwwwwwwwwwwwwwwwwww8bbbbbbbbbbbbbbbbbbbbbbbbbbbbbbbbbbbbbbbbbbbbbbbbbbbbbbbbbbbbbbbbbb8
88wwwwwwwwwwwwwwwwwwwwwwwwwwww8bbbbbbbbbbbbbbbbbbbbbbbbbbbbbbbbbbbbbbbbbbbbbbbbbbbbbbbbbbbbbbbbbb8
88888888888888888888888888888888888888888888888888888888888888888888888888888888888888888888888888
-
0,0,0
3,0,25,FCI.map,36,5
13,5,24,Elves,Elves64.png,elves.npc
