rrrrrrrrrrrrrrrrrrrrrrrrrrrrrrrrrrrrrrrrrrrrrrrrrrrrrrrrrrrrrrrrrrrrrrrrrrrrrrrrrrrrrrrrrrrrrrrrrrrrrrrrrrrrrrrrrrrrrrrrrrrrr
rfffffffffffffffffffffffffffffffffffffffffffffffffffffffrfffffffffffffffffffrfffffffffffffffffffffffffffffffffffffffffffffffr
rfffffffffffffffffffffffffffffffffffffffffffffffffffffffrfffffffffffffffffffrfffffffffffffffffffffffffffffffffffffffffffffffr
rfffffffffffffffffffffffffffffffffffffffffffffffffffffffrfffffffffffffffffffrfffffffffffffffffffffffffffffffffffffffffffffffr
rfffffffffffffffffffffffffffffffffffffffffffffffffffffffrfffffffffffffffffffrfffffffffffffffffffffffffffffffffffffffffffffffr
rfffffffffffffffffffffffffffffffffffffffffffffffffffffffrfffffffffffffffffffrfffffffffffffffffffffffffffffffffffffffffffffffr
rfffffffffffffffffffffffffffffffffffffffffffffffffffffffrfffffffffffffffffffrfffffffffffffffffffffffffffffffffffffffffffffffr
rfffffffffffffffffffffffffffffffffffffffffffffffffffffffrfffffffffffffffffffrfffffffffffffffffffffffffffffffffffffffffffffffr
rfffffffffffffffffffffffffffffffffffffffffffffffffffffffrfffffffffffffffffffrfffffffffffffffffffffffffffffffffffffffffffffffr
rfffffffffffffffffffffffffffffffffffffffffffffffffffffffffffffffffffffffffffffffffffffffffffffffffffffffffffffffffffffffffffr
rfffffffffffffffffffffffffffffffffffffffffffffffffffffffffffffffffffffffffffffffffffffffffffffffffffffffffffffffffffffffffffr
rfffffffffffffffffffffffffffffffffffffffffffffffffffffffffffffffffffffffffffffffffffffffffffffffffffffffffffffffffffffffffffr
rfffffffffffffffffffffffffffffffffffffffffffffffffffffffffffffffffffffffffffffffffffffffffffffffffffffffffffffffffffffffffffr
rfffffffffffffffffffffffffffffffffffffffffffffffffffffffrfffffffffffffffffffrfffffffffffffffffffffffffffffffffffffffffffffffr
rfffffffffffffffffffffffffffffffffffffffffffffffffffffffrfffffffffffffffffffrfffffffffffffffffffffffffffffffffffffffffffffffr
rfffffffffffffffffffffffffffffffffffffffffffffffffffffffrfffffffffffffffffffrfffffffffffffffffffffffffffffffffffffffffffffffr
rfffffffffffffffffffffffffffffffffffffffffffffffffffffffrfffffffffffffffffffrfffffffffffffffffffffffffffffffffffffffffffffffr
rfffffffffffffffffffffffffffffffffffffffffffffffffffffffrfffffffffffffffffffrfffffffffffffffffffffffffffffffffffffffffffffffr
rfffffffffffffffffffffffffffffffffffffffffffffffffffffffrfffffffffffffffffffrfffffffffffffffffffffffffffffffffffffffffffffffr
rfffffffffffffffffffffffffffffffffffffffffffffffffffffffrfffffffffffffffffffrfffffffffffffffffffffffffffffffffffffffffffffffr
rfffffffffffffffffffffffffffffffffffffffffffffffffffffffrfffffffffffffffffffrfffffffffffffffffffffffffffffffffffffffffffffffr
rrrrrrrrrrrrrrrrrrrrrrrrrrrrrrrrrrrrrrrrrrrrrrrrrrrrrrrrrrrrfffffffffffffrrrrrrrrrrrrrrrrrrrrrrrrrrrrrrrrrrrrrrrrrrrrrrrrrrrr
-
0,10,10
3,67,21,MMU.map,13,11
11,10,16,Rane,Rane64.png,rane.npc