rrrrrrrrrrrrrrrrrrrrrrrrrrrrrrrrrrrrrrrrrrrrrrrrrrrrrrrrrrrrrrrrrrrrrrrrrrrrrrrrrrrrrrrrrrrrrrrrrrrrrrrrrrrrrrrrrrrrrrrrrrrrr
rffffffffffffffffffffffffffffffffffffffffffffG??????????rGGfffffffffffffffffrfffffffffffffffffffffffffffffffffffffffffffffffr
rffffffffffffffffffffffffffffffffffffffffffffG??????????rGGfffffffffffffffffrfffffffffffffffffffffffffffffffffffffffffffffffr
rffffffffffffffffffffffffffffffffffffffffffffG??????????rGGfffffffffffffffffrfffffffffffffffffffffffffffffffffffffffffffffffr
rffffffffffffffffffffffffffffffffffffffffffffG??????????rGGfffffffffffffffffrfffffffffffffffffffffffffffffffffffffffffffffffr
rffffffffffffffffffffffffffffffffffffffffffffG??????????rGGfffffffffffffffffrfffffffffffffffffffffffffffffffffffffffffffffffr
rffffffffffffffffffffffffffffffffffffffffffffG??????????rGGfffffffffffffffffrfffffffffffffffffffffffffffffffffffffffffffffffr
rfffffffffffffffffffffffffffffffffffffffffffff4555555556rfffffffffffffffffffrfffffffffffffffffffffffffffffffffffffffffffffffr
rfffffffffffffffffffffffffffffffffffffffffffffffffffffffffffffffffffffffffffffffffffffffffffffffffffffffffffffffffffffffffffr
rfffffffffffffffffffffffffffffffffffffffffffffffffffffffffffffffffffffffffffffffffffffffffffffffffffffffffffffffffffffffffffr
rfffffffffffffffffffffffffffffffffffffffffffffffffffffffffffffffffffffffffffffffffffffffffffffffffffffffffffffffffffffffffffr
rfffffffffffffffffffffffffffffffffffffffffffffffffffffffffffffffffffffffffffffffffffffffffffffffffffffffffffffffffffffffffffr
rfffffffffffffffffffffffffffffffffffffffffffffffffffffffffffffffffffffffffffffffffffffffffffffffffffffffffffffffffffffffffffr
rfffffffffffffffffffffffffffffffffffffffffffffffffffffffrfffffffffffffffffffrfffffffffffffffffffffffffffffffffffffffffffffffr
rfffffffffffffffffffffffffffffffffffffffffffffffffffffffrfffffffffffffffffffrfffffffffffffffffffffffffffffffffffffffffffffffr
rfffffffffffffffffffffffffffffffffffffffffffffffffffffffrfffffffffffffffffffrfffffffffffffffffffffffffffffffffffffffffffffffr
rfffffffffffffffffffffffffffffffffffffffffffffffffffffffrfffffffffffffffffffrfffffffffffffffffffffffffffffffffffffffffffffffr
rfffffffffffffffffffffffffffffffffffffffffffffffffffffffrfffffffffffffffffffrfffffffffffffffffffffffffffffffffffffffffffffffr
rfffffffffffffffffffffffffffffffffffffffffffffffffffffffrfffffffffffffffffffrfffffffffffffffffffffffffffffffffffffffffffffffr
rfffffffffffffffffffffffffffffffffffffffffffffffffffffffrfffffffffffffffffffrfffffffffffffffffffffffffffffffffffffffffffffffr
rfffffffffffffffffffffffffffffffffffffffffffffffffffffffrfffffffffffffffffffrfffffffffffffffffffffffffffffffffffffffffffffffr
rgggggggggggggggggggggggggggggggggggggggggggggggggggggggrrrrfffffffffffffrrrrgggggggggggggggggggggggggggggggggggggggggggggggr
-
0,10,10
3,67,21,MMU.map,13,11
11,10,16,Rane,Rane64.png,rane.npc
2,60,18,Preshen,Preshen64.png,preshen.npc
16,14,4
16,18,4
16,14,8
16,18,8
16,14,12
16,18,12
18,20,16
18,30,16
18,5,16
18,40,16
18,50,16
16,6,4
16,10,4
16,6,8
16,10,8
16,6,12
16,10,12
16,22,4
16,26,4
16,22,8
16,26,8
16,22,12
16,26,12
16,30,4
16,34,4
16,30,8
16,34,8
16,30,12
16,34,12
16,38,4
16,42,4
16,38,8
16,42,8
16,38,12
16,42,12
16,78,4
16,82,4
16,90,4
16,94,4
16,98,4
16,102,4
16,106,4
16,110,4
16,118,4
16,122,4
16,78,12
16,82,12
16,90,12
16,94,12
16,98,12
16,102,12
16,106,12
16,110,12
16,118,12
16,122,12
16,78,16
16,82,16
16,90,16
16,94,16
16,98,16
16,102,16
16,106,16
16,110,16
20,118,19
