88888888888888888888888888888888888888888888888888888888888888888888888888888888888888888888888888
88wwwwwwwwwwwwwwwwwwwwwwwwwwww8bbbbbbbbbbbbbbbbbbbbbbbbbbbbbbbbbbbbbbbbbbbbbbbbbbbbbbbbbbbbbbbbbb8
88wwwwwwwwwwwwwwwwwwwwwwwwwwww8bbbbbbbbbbbbbbbbbbbbbbbbbbbbbbbbbbbbbbbbbbbbbbbbbbbbbbbbbbbbbbbbbb8
88wwwwwwwwwwwwwwwwwwwwwwwwwwww8bbbbbbbbbbbbbbbbbbbbbbbbbbbbbbbbbbbbbbbbbbbb[,,,,,,,,,,,,,,,,,,,,]8
88wwwwwwwwwwwwwwwwwwwwwwwwwwww8bbbbbbbbbbbbbbbbbbbbbbbbbbbbbbbbbbbbbbbbbbbbPppppppppppppppppppppp8
88wwwwwwwwwwwwwwwwwwwwwwwwwwww8bbbbbbbbbbbbbbbbbbbbbbbbbbbbbbbbbbbbbbbbbbbbPppppppppppppppppppppp8
88wwwwwwwwwwwwwwwwwwwwwwwwwwww8bbbbbbbbbbbbbbbbbbbbbbbbbbbbbbbbbbbbbbbbbbbbPppppppppppppppppppppp8
88wwwwwwwwwwwwwwwwwwwwwwwwwwww8bbbbbbbbbbbbbbbbbbbbbbbbbbbbbbbbbbbbbbbbbbbbPppppppppppppppppppppp8
88wwwwwwwwwwwwwwwwwwwwwwwwwwww8bbbbbbbbbbbbbbbbbbbbbbbbbbbbbbbbbbbbbbbbbbbbPppppppppppppppppppppp8
88wwwwwwwwwwwwwwwwwwwwwwwwwwww8bbbbbbbbbbbbbbbbbbbbbbbbbbbbbbbbbbbbbbbbbbbbPppppppppppppppppppppp8
88wwwwwwwwwwwwwwwwwwwwwwwwwwww8bbbbbbbbbbbbbbbbbbbbbbbbbbbbbbbbbbbbbbbbbbbbPppppppppppppppppppppp8
88wwwwwwwwwwwwwwwwwwwwwwwwwwww8bbbbbbbbbbbbbbbbbbbbbbbbbbbbbbbbbbbbbbbbbbbbPppppppppppppppppppppp8
88wwwwwwwwwwwwwwwwwwwwwwwwwwww8bbbbbbbbbbbbbbbbbbbbbbbbbbbbbbbbbbbbbbbbbbbbPppppppppppppppppppppp8
88wwwwwwwwwwwwwwwwwwwwwwwwwwww8bbbbbbbbbbbbbbbbbbbbbbbbbbbbbbbbbbbbbbbbbbbbPppppppppppppppppppppp8
88wwwwwwwwwwwwwwwwwwwwwwwwwwwwwbbbbbbbbbbbbbbbbbbbbbbbbbbbbbbbbbbbbbbbbbbbbPppppppppppppppppppppp8
88wwwwwwwwwwwwwwwwwwwwwwwwwwwwwbbbbbbbbbbbbbbbbbbbbbbbbbbbbbbbbbbbbbbbbbbbbPppppppppppppppppppppp8
88wwwwwwwwwwwwwwwwwwwwwwwwwwwwwbbbbbbbbbbbbbbbbbbbbbbbbbbbbbbbbbbbbbbbbbbbbPppppppppppppppppppppp8
88wwwwwwwwwwwwwwwwwwwwwwwwwwwwwbbbbbbbbbbbbbbbbbbbbbbbbbbbbbbbbbbbbbbbbbbbbPppppppppppppppppppppp8
88wwwwwwwwwwwwwwwwwwwwwwwwwwwwwbbbbbbbbbbbbbbbbbbbbbbbbbbbbbbbbbbbbbbbbbbbbPppppppppppppppppppppp8
88wwwwwwwwwwwwwwwwwwwwwwwwwwww8bbbbbbbbbbbbbbbbbbbbbbbbbbbbbbbbbbbbbbbbbbbbPppppppppppppppppppppp8
88wwwwwwwwwwwwwwwwwwwwwwwwwwww8bbbbbbbbbbbbbbbbbbbbbbbbbbbbbbbbbbbbbbbbbbbbPppppppppppppppppppppp8
88wwwwwwwwwwwwwwwwwwwwwwwwwwww8bbbbbbbbbbbbbbbbbbbbbbbbbbbbbbbbbbbbbbbbbbbb{....................}8
88wwwwwwwwwwwwwwwwwwwwwwwwwwww8bbbbbbbbbbbbbbbbbbbbbbbbbbbbbbbbbbbbbbbbbbbbbbbbbbbbbbbbbbbbbbbbbb8
88wwwwwwwwwwwwwwwwwwwwwwwwwwww8bbbbbbbbbbbbbbbbbbbbbbbbbbbbbbbbbbbbbbbbbbbbbbbbbbbbbbbbbbbbbbbbbb8
wwwwwwwwwwwwwwwwwwwwwwwwwwwwww8bbbbbbbbbbbbbbbbbbbbbbbbbbbbbbbbbbbbbbbbbbbbbbbbbbbbbbbbbbbbbbbbbb8
wwwwwwwwwwwwwwwwwwwwwwwwwwwwww8bbbbbbbbbbbbbbbbbbbbbbbbbbbbbbbbbbbbbbbbbbbbbbbbbbbbbbbbbbbbbbbbbb8
wwwwwwwwwwwwwwwwwwwwwwwwwwwwww8bbbbbbbbbbbbbbbbbbbbbbbbbbbbbbbbbbbbbbbbbbbbbbbbbbbbbbbbbbbbbbbbbb8
88wwwwwwwwwwwwwwwwwwwwwwwwwwww8bbbbbbbbbbbbbbbbbbbbbbbbbbbbbbbbbbbbbbbbbbbbbbbbbbbbbbbbbbbbbbbbbb8
88wwwwwwwwwwwwwwwwwwwwwwwwwwww8bbbbbbbbbbbbbbbbbbbbbbbbbbbbbbbbbbbbbbbbbbbbbbbbbbbbbbbbbbbbbbbbbb8
88888888888888888888888888888888888888888888888888888888888888888888888888888888888888888888888888
-
0,20,20
3,0,25,FCI.map,36,5
13,85,14,Elves,Elves64.png,elves.npc
2,20,27,Yong Yan,Yongyan64.png,yongyan.npc
17,40,5
17,45,5
17,50,5
17,55,5
17,60,5
17,65,5
17,70,5
17,40,10
17,45,10
17,50,10
17,55,10
17,60,10
17,65,10
17,70,10
17,40,15
17,45,15
17,50,15
17,55,15
17,60,15
17,65,15
17,70,15
17,40,20
17,45,20
17,50,20
17,55,20
17,60,20
17,65,20
17,70,20
17,40,25
17,45,25
17,50,25
17,55,25
17,60,25
17,65,25
17,70,25


